

Microchip MPLAB XC8 Assembler V2.45 build 20230818022343 
                                                                                                           Fri Mar 08 13:35:37 2024


     1                           	processor	16F877A
     2                           	pagewidth 132
     3                           	psect	code,global,class=CODE,delta=2
     4                           	psect	powerup,global,class=CODE,delta=2
     5                           	psect	reset_vec,global,class=CODE,delta=2
     6                           	psect	maintext,global,class=CODE,delta=2
     7                           	psect	eeprom_data,global,class=EEDATA,space=3,delta=2,noexec
     8                           	psect	intentry,global,class=CODE,delta=2
     9                           	psect	functab,global,class=ENTRY,delta=2
    10                           	psect	init,global,class=CODE,delta=2
    11                           	psect	cinit,global,class=CODE,delta=2
    12                           	psect	text,global,class=CODE,delta=2
    13                           	psect	end_init,global,class=CODE,delta=2
    14                           	psect	clrtext,global,class=CODE,delta=2
    15                           	psect	strings,global,reloc=256,class=CODE,delta=2
    16                           	psect	stack,global,class=STACK,space=2,delta=1,noexec
    17                           	psect	heap,global,class=HEAP,space=7,delta=1,noexec
    18                           	psect	common,global,class=COMMON,space=1,delta=1
    19                           	psect	bank0,global,class=BANK0,space=1,delta=1
    20                           	psect	bank1,global,class=BANK1,space=1,delta=1
    21                           	psect	bank2,global,class=BANK2,space=1,delta=1
    22                           	psect	bank3,global,class=BANK3,space=1,delta=1
    23                           	psect	ram,global,class=RAM,space=1,delta=1
    24                           	psect	abs1,global,class=ABS1,space=1,delta=1
    25                           	psect	sfr0,global,class=SFR0,space=1,delta=1
    26                           	psect	sfr1,global,class=SFR1,space=1,delta=1
    27                           	psect	sfr2,global,class=SFR2,space=1,delta=1
    28                           	psect	sfr3,global,class=SFR3,space=1,delta=1
    29                           
    30                           	psect	reset_vec
    31     0000                     reset_vec:
    32                           
    33                           	psect	maintext
    34                           
    35                           ; Microchip MPLAB XC8 C Compiler V2.45
    36                           ; Copyright (C) 2023 Microchip Technology Inc.
    37                           ; Auto-generated runtime startup code for final link stage.
    38                           ;
    39                           ; Compiler options:
    40                           ;
    41                           ; --opt=1 --warn=3 --std=c99 -I./include main.c
    42                           ;
    43     0000                     C	set	0
    44     0002                     Z	set	2
    45     0002                     PCL	set	2
    46     0000                     INDF	set	0
    47     000A                     
    48                           	psect	functab
    49     0000                     intlevel0:
    50     0000                     intlevel1:
    51     0000                     intlevel2:
    52     0000                     intlevel3:
    53     0000                     intlevel4:
    54     0000                     intlevel5:
    55                           
    56                           	psect	init
    57     0000                     start:
    58                           
    59                           	psect	end_init
    60     0000  120A  118A  2FFC   	ljmp	start_initialization	;jump to C runtime clear & initialization
    61                           
    62                           	psect	clrtext
    63     0004                     FSR	set	4
    64                           
    65                           	psect	strings
    66     0000                     
    67                           	psect	stack
    68     0000                     ___sp:
    69     0000                     ___int_sp:
    70     0000                     ___stack_lo:
    71     0000                     ___stack_hi:
    72     0000                     ___int_stack_lo:
    73     0000                     ___int_stack_hi:
    74                           
    75                           	psect	heap
    76                           
    77                           ; No powerup routine
    78                           ; No interrupt routine
    79                           ; No heap to be allocated


Microchip Technology PIC Macro Assembler V2.45 build 20230818022343 
Symbol Table                                                                                               Fri Mar 08 13:35:37 2024

               ___sp 0000                 _main 07EE                 start 0000           ___stack_hi 0000  
         ___stack_lo 0000       ___int_stack_hi 0000       ___int_stack_lo 0000  start_initialization 07FC  
          ___heap_hi 0000            ___heap_lo 0000            ___stackhi 0000            ___stacklo 0000  
           ___int_sp 0000             intlevel0 0000             intlevel1 0000             intlevel2 0000  
           intlevel3 0000             intlevel4 0000             intlevel5 0000             reset_vec 0000  
